// Jest Snapshot v1, https://goo.gl/fbAQLP

exports[`Search Input component should render search-input component without crashing 1`] = `
<div>
  <div
    class="sc-AxiKw fAohRX"
  >
    <input
      class="sc-AxirZ kjUGOw"
      data-testid="input-field"
      placeholder="Search series..."
      type="text"
      value="test"
    />
    <button
      class="sc-AxjAm fWcGgS"
    >
      <svg
        height="24"
        role="img"
        viewBox="0 0 512 512"
        width="24"
      >
        <title>
          Search
        </title>
        <path
          d="M508.9 478.7L360 330a201.6 201.6 0 0045.2-127.3C405.3 90.9 314.4 0 202.7 0S0 91 0 202.7s91 202.6 202.7 202.6c48.2 0 92.4-17 127.3-45.2L478.7 509c4.2 4.1 11 4.1 15 0l15.2-15.1c4.1-4.2 4.1-11 0-15zm-306.2-116c-88.3 0-160-71.8-160-160s71.7-160 160-160 160 71.7 160 160-71.8 160-160 160z"
          fill="#fff"
        />
      </svg>
    </button>
  </div>
</div>
`;
