// Jest Snapshot v1, https://goo.gl/fbAQLP

exports[`Button component should render button component without crashing 1`] = `
<div>
  <button
    class="sc-AxjAm fWcGgS"
  />
</div>
`;
